// Jest Snapshot v1, https://goo.gl/fbAQLP

exports[`@zeus-platform/load Should render with KVPs and match snapshot 1`] = `"<scipt crossorigin=\\"true\\" src=\\"https://foo.com\\" async=\\"true\\" id=\\"__zeus_script\\"></script><script type=\\"application/javascript\\">document.getElementById(\\"__zeus_script\\").onload=function(){window.zeus.run()}"`;
