// Jest Snapshot v1, https://goo.gl/fbAQLP

exports[`@zeus-platform/ad Should render and match snapshot with zeus_ 1`] = `
<zeus-ad
  id="zeus_sample0"
/>
`;
